[?1049h[22;0;0t[?1h=[H[2J[?2004h[?2026$p[?u[c[?25h[?25l(B[m[H[2J[?1004h[?25h[?25l[23B(B[m[?25h[?1l>[>4;0m[?2004l[?1004l[?25h